// Jest Snapshot v1, https://goo.gl/fbAQLP

exports[`should render ExpenseList with expenses 1`] = `
<div>
  <Connect(ExpenseListItem)
    amount={195}
    createdAt={0}
    description="Gum"
    id="1"
    key="1"
    note="rent"
  />
  <Connect(ExpenseListItem)
    amount={1950}
    createdAt={-345600000}
    description="Coffe"
    id="2"
    key="2"
    note="a little note"
  />
  <Connect(ExpenseListItem)
    amount={19}
    createdAt={345600000}
    description="Rent"
    id="3"
    key="3"
    note=""
  />
</div>
`;

exports[`should render ExpenseList with no expenses 1`] = `
<div>
  <p>
    No Expenses
  </p>
</div>
`;
